
 RUN  v4.0.18 C:/Users/joan.fuentes/OneDrive - Universidad EIA/Escritorio/Personales/Trackerfinanciero

stderr | src/test/integration/History.test.tsx > HistoryPage > renders header and controls
ÔÜá´©Å React Router Future Flag Warning: React Router will begin wrapping state updates in `React.startTransition` in v7. You can use the `v7_startTransition` future flag to opt-in early. For more information, see https://reactrouter.com/v6/upgrading/future#v7_starttransition.
ÔÜá´©Å React Router Future Flag Warning: Relative route resolution within Splat routes is changing in v7. You can use the `v7_relativeSplatPath` future flag to opt-in early. For more information, see https://reactrouter.com/v6/upgrading/future#v7_relativesplatpath.

TypeError: Cannot read properties of undefined (reading 'length')
    at HistoryPage (C:/Users/joan.fuentes/OneDrive - Universidad EIA/Escritorio/Personales/Trackerfinanciero/src/features/finance/transactions/pages/History.tsx:315:51)
    at renderWithHooks (C:\Users\joan.fuentes\OneDrive - Universidad EIA\Escritorio\Personales\Trackerfinanciero\node_modules\react-dom\cjs\react-dom.development.js:15486:18)
    at mountIndeterminateComponent (C:\Users\joan.fuentes\OneDrive - Universidad EIA\Escritorio\Personales\Trackerfinanciero\node_modules\react-dom\cjs\react-dom.development.js:20103:13)
    at beginWork (C:\Users\joan.fuentes\OneDrive - Universidad EIA\Escritorio\Personales\Trackerfinanciero\node_modules\react-dom\cjs\react-dom.development.js:21626:16)
    at HTMLUnknownElement.callCallback (C:\Users\joan.fuentes\OneDrive - Universidad EIA\Escritorio\Personales\Trackerfinanciero\node_modules\react-dom\cjs\react-dom.development.js:4164:14)
    at HTMLUnknownElement.callTheUserObjectsOperation (C:\Users\joan.fuentes\OneDrive - Universidad EIA\Escritorio\Personales\Trackerfinanciero\node_modules\jsdom\lib\jsdom\living\generated\EventListener.js:26:30)
    at innerInvokeEventListeners (C:\Users\joan.fuentes\OneDrive - Universidad EIA\Escritorio\Personales\Trackerfinanciero\node_modules\jsdom\lib\jsdom\living\events\EventTarget-impl.js:360:16)
    at invokeEventListeners (C:\Users\joan.fuentes\OneDrive - Universidad EIA\Escritorio\Personales\Trackerfinanciero\node_modules\jsdom\lib\jsdom\living\events\EventTarget-impl.js:296:3)
    at HTMLUnknownElementImpl._dispatch (C:\Users\joan.fuentes\OneDrive - Universidad EIA\Escritorio\Personales\Trackerfinanciero\node_modules\jsdom\lib\jsdom\living\events\EventTarget-impl.js:243:9)
    at HTMLUnknownElementImpl.dispatchEvent (C:\Users\joan.fuentes\OneDrive - Universidad EIA\Escritorio\Personales\Trackerfinanciero\node_modules\jsdom\lib\jsdom\living\events\EventTarget-impl.js:114:17)
TypeError: Cannot read properties of undefined (reading 'length')
    at HistoryPage (C:/Users/joan.fuentes/OneDrive - Universidad EIA/Escritorio/Personales/Trackerfinanciero/src/features/finance/transactions/pages/History.tsx:315:51)
    at renderWithHooks (C:\Users\joan.fuentes\OneDrive - Universidad EIA\Escritorio\Personales\Trackerfinanciero\node_modules\react-dom\cjs\react-dom.development.js:15486:18)
    at mountIndeterminateComponent (C:\Users\joan.fuentes\OneDrive - Universidad EIA\Escritorio\Personales\Trackerfinanciero\node_modules\react-dom\cjs\react-dom.development.js:20103:13)
    at beginWork (C:\Users\joan.fuentes\OneDrive - Universidad EIA\Escritorio\Personales\Trackerfinanciero\node_modules\react-dom\cjs\react-dom.development.js:21626:16)
    at HTMLUnknownElement.callCallback (C:\Users\joan.fuentes\OneDrive - Universidad EIA\Escritorio\Personales\Trackerfinanciero\node_modules\react-dom\cjs\react-dom.development.js:4164:14)
    at HTMLUnknownElement.callTheUserObjectsOperation (C:\Users\joan.fuentes\OneDrive - Universidad EIA\Escritorio\Personales\Trackerfinanciero\node_modules\jsdom\lib\jsdom\living\generated\EventListener.js:26:30)
    at innerInvokeEventListeners (C:\Users\joan.fuentes\OneDrive - Universidad EIA\Escritorio\Personales\Trackerfinanciero\node_modules\jsdom\lib\jsdom\living\events\EventTarget-impl.js:360:16)
    at invokeEventListeners (C:\Users\joan.fuentes\OneDrive - Universidad EIA\Escritorio\Personales\Trackerfinanciero\node_modules\jsdom\lib\jsdom\living\events\EventTarget-impl.js:296:3)
    at HTMLUnknownElementImpl._dispatch (C:\Users\joan.fuentes\OneDrive - Universidad EIA\Escritorio\Personales\Trackerfinanciero\node_modules\jsdom\lib\jsdom\living\events\EventTarget-impl.js:243:9)
    at HTMLUnknownElementImpl.dispatchEvent (C:\Users\joan.fuentes\OneDrive - Universidad EIA\Escritorio\Personales\Trackerfinanciero\node_modules\jsdom\lib\jsdom\living\events\EventTarget-impl.js:114:17)
stderr | src/test/integration/History.test.tsx > HistoryPage > shows Load More button when hasMore is true
The above error occurred in the <HistoryPage> component:

    at HistoryPage (C:/Users/joan.fuentes/OneDrive - Universidad EIA/Escritorio/Personales/Trackerfinanciero/src/features/finance/transactions/pages/History.tsx:42:59)
    at Router (C:\Users\joan.fuentes\OneDrive - Universidad EIA\Escritorio\Personales\Trackerfinanciero\node_modules\react-router\dist\umd\react-router.development.js:1207:17)
    at MemoryRouter (C:\Users\joan.fuentes\OneDrive - Universidad EIA\Escritorio\Personales\Trackerfinanciero\node_modules\react-router\dist\umd\react-router.development.js:1101:7)

Consider adding an error boundary to your tree to customize error handling behavior.
Visit https://reactjs.org/link/error-boundaries to learn more about error boundaries.

TypeError: Cannot read properties of undefined (reading 'length')
    at HistoryPage (C:/Users/joan.fuentes/OneDrive - Universidad EIA/Escritorio/Personales/Trackerfinanciero/src/features/finance/transactions/pages/History.tsx:315:51)
    at renderWithHooks (C:\Users\joan.fuentes\OneDrive - Universidad EIA\Escritorio\Personales\Trackerfinanciero\node_modules\react-dom\cjs\react-dom.development.js:15486:18)
    at mountIndeterminateComponent (C:\Users\joan.fuentes\OneDrive - Universidad EIA\Escritorio\Personales\Trackerfinanciero\node_modules\react-dom\cjs\react-dom.development.js:20103:13)
    at beginWork (C:\Users\joan.fuentes\OneDrive - Universidad EIA\Escritorio\Personales\Trackerfinanciero\node_modules\react-dom\cjs\react-dom.development.js:21626:16)
    at HTMLUnknownElement.callCallback (C:\Users\joan.fuentes\OneDrive - Universidad EIA\Escritorio\Personales\Trackerfinanciero\node_modules\react-dom\cjs\react-dom.development.js:4164:14)
    at HTMLUnknownElement.callTheUserObjectsOperation (C:\Users\joan.fuentes\OneDrive - Universidad EIA\Escritorio\Personales\Trackerfinanciero\node_modules\jsdom\lib\jsdom\living\generated\EventListener.js:26:30)
    at innerInvokeEventListeners (C:\Users\joan.fuentes\OneDrive - Universidad EIA\Escritorio\Personales\Trackerfinanciero\node_modules\jsdom\lib\jsdom\living\events\EventTarget-impl.js:360:16)
    at invokeEventListeners (C:\Users\joan.fuentes\OneDrive - Universidad EIA\Escritorio\Personales\Trackerfinanciero\node_modules\jsdom\lib\jsdom\living\events\EventTarget-impl.js:296:3)
    at HTMLUnknownElementImpl._dispatch (C:\Users\joan.fuentes\OneDrive - Universidad EIA\Escritorio\Personales\Trackerfinanciero\node_modules\jsdom\lib\jsdom\living\events\EventTarget-impl.js:243:9)
    at HTMLUnknownElementImpl.dispatchEvent (C:\Users\joan.fuentes\OneDrive - Universidad EIA\Escritorio\Personales\Trackerfinanciero\node_modules\jsdom\lib\jsdom\living\events\EventTarget-impl.js:114:17)
TypeError: Cannot read properties of undefined (reading 'length')
    at HistoryPage (C:/Users/joan.fuentes/OneDrive - Universidad EIA/Escritorio/Personales/Trackerfinanciero/src/features/finance/transactions/pages/History.tsx:315:51)
    at renderWithHooks (C:\Users\joan.fuentes\OneDrive - Universidad EIA\Escritorio\Personales\Trackerfinanciero\node_modules\react-dom\cjs\react-dom.development.js:15486:18)
    at mountIndeterminateComponent (C:\Users\joan.fuentes\OneDrive - Universidad EIA\Escritorio\Personales\Trackerfinanciero\node_modules\react-dom\cjs\react-dom.development.js:20103:13)
    at beginWork (C:\Users\joan.fuentes\OneDrive - Universidad EIA\Escritorio\Personales\Trackerfinanciero\node_modules\react-dom\cjs\react-dom.development.js:21626:16)
    at HTMLUnknownElement.callCallback (C:\Users\joan.fuentes\OneDrive - Universidad EIA\Escritorio\Personales\Trackerfinanciero\node_modules\react-dom\cjs\react-dom.development.js:4164:14)
    at HTMLUnknownElement.callTheUserObjectsOperation (C:\Users\joan.fuentes\OneDrive - Universidad EIA\Escritorio\Personales\Trackerfinanciero\node_modules\jsdom\lib\jsdom\living\generated\EventListener.js:26:30)
    at innerInvokeEventListeners (C:\Users\joan.fuentes\OneDrive - Universidad EIA\Escritorio\Personales\Trackerfinanciero\node_modules\jsdom\lib\jsdom\living\events\EventTarget-impl.js:360:16)
    at invokeEventListeners (C:\Users\joan.fuentes\OneDrive - Universidad EIA\Escritorio\Personales\Trackerfinanciero\node_modules\jsdom\lib\jsdom\living\events\EventTarget-impl.js:296:3)
    at HTMLUnknownElementImpl._dispatch (C:\Users\joan.fuentes\OneDrive - Universidad EIA\Escritorio\Personales\Trackerfinanciero\node_modules\jsdom\lib\jsdom\living\events\EventTarget-impl.js:243:9)
    at HTMLUnknownElementImpl.dispatchEvent (C:\Users\joan.fuentes\OneDrive - Universidad EIA\Escritorio\Personales\Trackerfinanciero\node_modules\jsdom\lib\jsdom\living\events\EventTarget-impl.js:114:17)
stderr | src/test/integration/History.test.tsx > HistoryPage > calls loadMore when button clicked
The above error occurred in the <HistoryPage> component:

    at HistoryPage (C:/Users/joan.fuentes/OneDrive - Universidad EIA/Escritorio/Personales/Trackerfinanciero/src/features/finance/transactions/pages/History.tsx:42:59)
    at Router (C:\Users\joan.fuentes\OneDrive - Universidad EIA\Escritorio\Personales\Trackerfinanciero\node_modules\react-router\dist\umd\react-router.development.js:1207:17)
    at MemoryRouter (C:\Users\joan.fuentes\OneDrive - Universidad EIA\Escritorio\Personales\Trackerfinanciero\node_modules\react-router\dist\umd\react-router.development.js:1101:7)

Consider adding an error boundary to your tree to customize error handling behavior.
Visit https://reactjs.org/link/error-boundaries to learn more about error boundaries.

 ÔØ» src/test/integration/History.test.tsx (5 tests | 2 failed) 1414ms
     Ô£ô renders header and controls 297ms
     Ô£ô updates search term and passes it to HistoryTab  484ms
     Ô£ô updates type filter and passes it to HistoryTab  480ms
     ├ù shows Load More button when hasMore is true 62ms
     ├ù calls loadMore when button clicked 64ms

ÔÄ»ÔÄ»ÔÄ»ÔÄ»ÔÄ»ÔÄ»ÔÄ» Failed Tests 2 ÔÄ»ÔÄ»ÔÄ»ÔÄ»ÔÄ»ÔÄ»ÔÄ»

 FAIL  src/test/integration/History.test.tsx > HistoryPage > shows Load More button when hasMore is true
 FAIL  src/test/integration/History.test.tsx > HistoryPage > calls loadMore when button clicked
TypeError: Cannot read properties of undefined (reading 'length')
 ÔØ» HistoryPage src/features/finance/transactions/pages/History.tsx:315:51
    313|                             uiState={
    314|                                 // La fuente de verdad UX es pendingImÔÇª
    315|                                 pendingImportData.length > 0
       |                                                   ^
    316|                                     ? importProgress.status === 'loadiÔÇª
    317|                                         ? 'applying'
 ÔØ» renderWithHooks node_modules/react-dom/cjs/react-dom.development.js:15486:18
 ÔØ» mountIndeterminateComponent node_modules/react-dom/cjs/react-dom.development.js:20103:13
 ÔØ» beginWork node_modules/react-dom/cjs/react-dom.development.js:21626:16
 ÔØ» beginWork$1 node_modules/react-dom/cjs/react-dom.development.js:27465:14
 ÔØ» performUnitOfWork node_modules/react-dom/cjs/react-dom.development.js:26599:12
 ÔØ» workLoopSync node_modules/react-dom/cjs/react-dom.development.js:26505:5
 ÔØ» renderRootSync node_modules/react-dom/cjs/react-dom.development.js:26473:7
 ÔØ» recoverFromConcurrentError node_modules/react-dom/cjs/react-dom.development.js:25889:20
 ÔØ» performSyncWorkOnRoot node_modules/react-dom/cjs/react-dom.development.js:26135:20

ÔÄ»ÔÄ»ÔÄ»ÔÄ»ÔÄ»ÔÄ»ÔÄ»ÔÄ»ÔÄ»ÔÄ»ÔÄ»ÔÄ»ÔÄ»ÔÄ»ÔÄ»ÔÄ»ÔÄ»ÔÄ»ÔÄ»ÔÄ»ÔÄ»ÔÄ»ÔÄ»ÔÄ»[1/2]ÔÄ»


 Test Files  1 failed (1)
      Tests  2 failed | 3 passed (5)
   Start at  17:22:24
   Duration  11.52s (transform 1.31s, setup 762ms, import 2.44s, tests 1.41s, environment 5.74s)

